---
source: src/test.rs
assertion_line: 483
expression: event
---
StreamCreated {
    stream_id: 1,
    sender: Contract(CAAAAAAAAAAAAAAAAAAAAAAAAAAAAAAAAAAAAAAAAAAAAAAAAAAAD2KM),
    recipient: Contract(CAAAAAAAAAAAAAAAAAAAAAAAAAAAAAAAAAAAAAAAAAAAAAAAAAAAFCT4),
    token: Contract(CAAAAAAAAAAAAAAAAAAAAAAAAAAAAAAAAAAAAAAAAAAAAAAAAAAAHK3M),
    token_symbol: String(TEST),
    total_amount: 1000,
    start_time: 100,
    end_time: 200,
}
